// Jest Snapshot v1, https://goo.gl/fbAQLP

exports[`WeatherApp Component should render correctly 1`] = `<[object Object] />`;
